// Jest Snapshot v1, https://goo.gl/fbAQLP

exports[`matches snapshot 1`] = `
<div>
  <ul>
    <li>
      메뉴1
    </li>
    <li>
      메뉴2
    </li>
    <li>
      메뉴3
    </li>
  </ul>
</div>
`;
